   Compiling frametrace v0.1.0 (/Users/shinyoohag/Desktop/frametrace)
    Finished `test` profile [unoptimized + debuginfo] target(s) in 0.35s
     Running tests/cli_default_output_policy.rs (target/debug/deps/cli_default_output_policy-f632a477c5f9e529)

running 1 test

thread 'derived_media_commands_require_policy_approved_ffmpeg_and_log_resolved_tool_metadata' (104043233) panicked at tests/cli_default_output_policy.rs:37:5:
command failed
stdout:

stderr:
error: unexpected argument '--ffmpeg' found

  tip: to pass '--ffmpeg' as a value, use '-- --ffmpeg'

Usage: frametrace make-proxy <CASE_DIR> <SELECTOR>

For more information, try '--help'.
error: invalid command line

note: run with `RUST_BACKTRACE=1` environment variable to display a backtrace
test derived_media_commands_require_policy_approved_ffmpeg_and_log_resolved_tool_metadata ... FAILED

failures:

failures:
    derived_media_commands_require_policy_approved_ffmpeg_and_log_resolved_tool_metadata

test result: FAILED. 0 passed; 1 failed; 0 ignored; 0 measured; 4 filtered out; finished in 0.18s

error: test failed, to rerun pass `--test cli_default_output_policy`
