T6 stop-hook verification claim 02
started_at=2026-06-24T09:23:47Z

## COMMAND: test -s .omo/evidence/frametrace-production-hardening-review-plan/task-06-tool-policy/evidence-record.md
## EXIT: 0

## COMMAND: test -s .omo/evidence/frametrace-production-hardening-review-plan/task-06-tool-policy/manual-happy-log-summary.json
## EXIT: 0

## COMMAND: test -s .omo/evidence/frametrace-production-hardening-review-plan/task-06-tool-policy/manual-failure-command.stderr
## EXIT: 0

## COMMAND: grep -q unsupported\ tool\ binary .omo/evidence/frametrace-production-hardening-review-plan/task-06-tool-policy/manual-failure-command.stderr
## EXIT: 0

## COMMAND: grep -q VERDICT:\ PASS .omo/evidence/frametrace-production-hardening-review-plan/task-06-tool-policy/stop-hook-verification-claim-01-rerun.log
## EXIT: 0

## COMMAND: grep -q \<verdict\>PASS\</verdict\> .omo/evidence/frametrace-production-hardening-review-plan/task-06-tool-policy/qa-review.md
## EXIT: 0

## COMMAND_EXPECT_NO_MATCHES: rg Command::new\\\(\"ffmpeg\"\\\)\|Command::new\\\(\"ffprobe\"\\\)\|command_version\\\(\"ffmpeg\"\\\) src tests
## EXIT: 1 (expected no matches)

## COMMAND: python3 - .omo/evidence/frametrace-production-hardening-review-plan/task-06-tool-policy/manual-happy-log-summary.json
Traceback (most recent call last):
  File "<stdin>", line 6, in <module>
AttributeError: 'list' object has no attribute 'get'
## EXIT: 1

## COMMAND: cargo test --locked tool_policy --lib -- --nocapture
    Finished `test` profile [unoptimized + debuginfo] target(s) in 0.10s
     Running unittests src/lib.rs (target/debug/deps/frametrace-44d5147c08ce3d8f)

running 7 tests
test tool_policy::tests::accepts_allowed_bare_tool_names ... ok
test tool_policy::tests::rejects_unapproved_bare_tool_names ... ok
test tool_policy::tests::rejects_case_output_outside_case_root ... ok
test tool_policy::tests::accepts_case_output_inside_case_root ... ok
test tool_policy::tests::rejects_case_output_dangling_symlink_leaf ... ok
test tool_policy::tests::rejects_output_that_targets_source_evidence_path ... ok
test tool_policy::tests::resolves_approved_ffmpeg_path_and_rejects_disallowed_path_name ... ok

test result: ok. 7 passed; 0 failed; 0 ignored; 0 measured; 135 filtered out; finished in 0.14s

## EXIT: 0

## COMMAND: cargo test --locked derived_media_commands_require_policy_approved_ffmpeg_and_log_resolved_tool_metadata --test cli_default_output_policy -- --nocapture
    Finished `test` profile [unoptimized + debuginfo] target(s) in 0.02s
     Running tests/cli_default_output_policy.rs (target/debug/deps/cli_default_output_policy-f632a477c5f9e529)

running 1 test
test derived_media_commands_require_policy_approved_ffmpeg_and_log_resolved_tool_metadata ... ok

test result: ok. 1 passed; 0 failed; 0 ignored; 0 measured; 4 filtered out; finished in 0.32s

## EXIT: 0

## COMMAND: cargo test --locked validate_artifact_requires_policy_approved_ffprobe_and_logs_resolved_tool_metadata --test cli_e01_validation_log_output_policy -- --nocapture
    Finished `test` profile [unoptimized + debuginfo] target(s) in 0.02s
     Running tests/cli_e01_validation_log_output_policy.rs (target/debug/deps/cli_e01_validation_log_output_policy-865ed60b137c80f3)

running 1 test
test validate_artifact_requires_policy_approved_ffprobe_and_logs_resolved_tool_metadata ... ok

test result: ok. 1 passed; 0 failed; 0 ignored; 0 measured; 4 filtered out; finished in 0.33s

## EXIT: 0

## COMMAND: cargo fmt --all -- --check
## EXIT: 0

## COMMAND: git diff --check
## EXIT: 0

## COMMAND: find .omo/evidence/frametrace-production-hardening-review-plan/task-06-tool-policy -type f -size 0 -print
## ZERO_BYTE_VERDICT: PASS

finished_at=2026-06-24T09:23:49Z
VERDICT: FAIL - second stop-hook verification found a blocking failure.
