T6 scoped verification rerun after formatting fix
started_at=2026-06-24T09:27:09Z
Known shared-worktree blocker remains in stop-hook-verification-claim-03.log: full cargo test failures in report-defense tests and global fmt failure in non-T6 src/qa_tests.rs.

## COMMAND_EXPECT_NO_MATCHES: rg Command::new\\\(\"ffmpeg\"\\\)\|Command::new\\\(\"ffprobe\"\\\)\|command_version\\\(\"ffmpeg\"\\\) src tests
## EXIT: 1 (expected no matches)

## COMMAND: cargo test --locked tool_policy --lib -- --nocapture
    Finished `test` profile [unoptimized + debuginfo] target(s) in 0.18s
     Running unittests src/lib.rs (target/debug/deps/frametrace-44d5147c08ce3d8f)

running 7 tests
test tool_policy::tests::accepts_allowed_bare_tool_names ... ok
test tool_policy::tests::rejects_unapproved_bare_tool_names ... ok
test tool_policy::tests::rejects_case_output_outside_case_root ... ok
test tool_policy::tests::accepts_case_output_inside_case_root ... ok
test tool_policy::tests::rejects_output_that_targets_source_evidence_path ... ok
test tool_policy::tests::rejects_case_output_dangling_symlink_leaf ... ok
test tool_policy::tests::resolves_approved_ffmpeg_path_and_rejects_disallowed_path_name ... ok

test result: ok. 7 passed; 0 failed; 0 ignored; 0 measured; 137 filtered out; finished in 0.18s

## EXIT: 0

## COMMAND: cargo test --locked derived_media_commands_require_policy_approved_ffmpeg_and_log_resolved_tool_metadata --test cli_default_output_policy -- --nocapture
    Finished `test` profile [unoptimized + debuginfo] target(s) in 0.03s
     Running tests/cli_default_output_policy.rs (target/debug/deps/cli_default_output_policy-f632a477c5f9e529)

running 1 test
test derived_media_commands_require_policy_approved_ffmpeg_and_log_resolved_tool_metadata ... ok

test result: ok. 1 passed; 0 failed; 0 ignored; 0 measured; 4 filtered out; finished in 0.67s

## EXIT: 0

## COMMAND: cargo test --locked validate_artifact_requires_policy_approved_ffprobe_and_logs_resolved_tool_metadata --test cli_e01_validation_log_output_policy -- --nocapture
    Finished `test` profile [unoptimized + debuginfo] target(s) in 0.02s
     Running tests/cli_e01_validation_log_output_policy.rs (target/debug/deps/cli_e01_validation_log_output_policy-865ed60b137c80f3)

running 1 test
test validate_artifact_requires_policy_approved_ffprobe_and_logs_resolved_tool_metadata ... ok

test result: ok. 1 passed; 0 failed; 0 ignored; 0 measured; 4 filtered out; finished in 0.64s

## EXIT: 0

## COMMAND: rustfmt --check src/tool_policy.rs src/video_export.rs src/artifacts.rs src/ffprobe.rs src/validation.rs src/validation/log.rs src/derived_output_policy_tests.rs tests/cli_default_output_policy.rs tests/cli_e01_validation_log_output_policy.rs
## EXIT: 0

## COMMAND: git diff --check
## EXIT: 0

## COMMAND: python3 - .omo/evidence/frametrace-production-hardening-review-plan/task-06-tool-policy/manual-happy-log-summary.json .omo/evidence/frametrace-production-hardening-review-plan/task-06-tool-policy/manual-failure-command.stderr
T6 manual metadata assertions PASS
## EXIT: 0

## COMMAND: find .omo/evidence/frametrace-production-hardening-review-plan/task-06-tool-policy -type f -size 0 -print
## ZERO_BYTE_VERDICT: PASS

finished_at=2026-06-24T09:27:11Z
VERDICT: PASS - T6 scoped verification passes after formatting fix. Full-worktree cargo test/fmt remain blocked by non-T6 report-defense/qa_tests changes recorded in claim-03.
