SCENARIO completion-audit-requirement-evidence
INVOCATION rg code requirements, test required evidence artifacts, plan checkbox
BINARY_OBSERVABLE PASS if typed states/code/tests/evidence artifacts/plan checkbox are present and non-empty
src/audit.rs:16:    Valid,
src/audit.rs:17:    Empty,
src/audit.rs:18:    Missing,
src/audit.rs:19:    Tampered,
src/audit.rs:25:            Self::Valid => "valid",
src/audit.rs:26:            Self::Empty => "empty",
src/audit.rs:27:            Self::Missing => "missing",
src/audit.rs:28:            Self::Tampered => "tampered",
src/audit.rs:50:    ("validation", "evidence/logs/validation-log.jsonl"),
src/audit.rs:81:        .find(|line| !line.trim().is_empty())
src/audit.rs:117:        .filter(|line| !line.trim().is_empty())
src/audit.rs:122:            .ok_or_else(|| format!("audit line {line_number} is missing previous_entry_sha256"))?;
src/audit.rs:130:            .ok_or_else(|| format!("audit line {line_number} is missing entry_sha256"))?;
src/audit.rs:132:            format!("audit line {line_number} has invalid entry_sha256 placement")
src/audit.rs:182:pub fn tampered_audit_chain_messages(statuses: &[AuditLogStatus]) -> Vec<String> {
src/audit.rs:185:        .filter(|status| status.state == AuditChainState::Tampered)
src/audit.rs:244:            state: AuditChainState::Missing,
src/audit.rs:255:            state: AuditChainState::Empty,
src/audit.rs:263:            state: AuditChainState::Valid,
src/audit.rs:271:            state: AuditChainState::Tampered,
src/audit.rs:327:        media_audit_chain_statuses, tampered_audit_chain_messages, verify_chained_jsonl,
src/audit.rs:355:    fn rejects_tampered_audit_lines() {
src/audit.rs:385:    fn media_audit_statuses_report_valid_empty_missing_and_tampered_logs() {
src/audit.rs:394:            &dir.join("evidence/logs/validation-log.jsonl"),
src/audit.rs:395:            r#"{"event":"validate-artifact"}"#,
src/audit.rs:411:                .find(|status| status.relative_path == "evidence/logs/validation-log.jsonl")
src/audit.rs:413:            Some(&AuditChainState::Valid)
src/audit.rs:420:            Some(&AuditChainState::Empty)
src/audit.rs:427:            Some(&AuditChainState::Tampered)
src/audit.rs:434:            Some(&AuditChainState::Missing)
src/audit.rs:436:        assert!(audit_chain_statuses_json(&statuses).contains(r#""status":"valid""#));
src/audit.rs:437:        assert!(audit_chain_statuses_json(&statuses).contains(r#""status":"empty""#));
src/audit.rs:438:        assert_eq!(tampered_audit_chain_messages(&statuses).len(), 1);
tests/media_contract.rs:8:fn report_discloses_derived_provenance_and_validation_failures() {
tests/media_contract.rs:18:        validation_log_jsonl: r#"{"event":"validate-artifact","operator":"qa-operator","method":"ffprobe-container-video-stream","source_artifact_id":"source-carve_000001-dddddddddddd","target_path":"/case/artifacts/carved/bad.mp4","target_sha256":"dddddddddddddddddddddddddddddddddddddddddddddddddddddddddddddddd","validation_status":"validation-failed","validation_note":"ffprobe could not parse the file","entry_sha256":"chain"}"#,
tests/media_contract.rs:19:        audit_chain_status_json: r#"[{"name":"validation","relative_path":"evidence/logs/validation-log.jsonl","status":"valid","entries":1,"last_entry_sha256":"chain","error":null}]"#,
tests/media_contract.rs:29:    assert!(html.contains("validation-failed"));
tests/media_contract.rs:32:    assert!(html.contains("valid"));
tests/media_contract.rs:36:fn playback_confirmation_requires_prior_ffprobe_validation_and_records_separate_state() {
tests/media_contract.rs:40:        &case_dir.join("evidence/logs/validation-log.jsonl"),
tests/media_contract.rs:41:        r#"{"schema_version":3,"event":"validate-artifact","selector":"vid_000001","operator":"qa-operator","method":"ffprobe-container-video-stream","source_artifact_id":"source-vid_000001-aaaaaaaaaaaa","source_artifact_path":"/case/source/clip.mp4","source_artifact_sha256":"aaaaaaaaaaaaaaaaaaaaaaaaaaaaaaaaaaaaaaaaaaaaaaaaaaaaaaaaaaaaaaaa","target_artifact_id":"source-vid_000001-aaaaaaaaaaaa","target_path":"/case/source/clip.mp4","target_sha256":"aaaaaaaaaaaaaaaaaaaaaaaaaaaaaaaaaaaaaaaaaaaaaaaaaaaaaaaaaaaaaaaa","validation_status":"ffprobe-video-stream-confirmed","validation_note":"ffprobe parsed a video stream"}"#,
tests/media_contract.rs:56:    assert_eq!(result.validation_status, "playback-confirmed");
tests/media_contract.rs:58:        result.prior_validation_status,
tests/media_contract.rs:61:    let log = fs::read_to_string(case_dir.join("evidence/logs/validation-log.jsonl")).unwrap();
tests/media_contract.rs:62:    assert!(log.contains(r#""validation_status":"ffprobe-video-stream-confirmed""#));
tests/media_contract.rs:63:    assert!(log.contains(r#""validation_status":"playback-confirmed""#));
tests/media_contract.rs:72:fn playback_confirmation_rejects_missing_ffprobe_validation() {
tests/media_contract.rs:73:    let case_dir = unique_temp_dir("playback-missing-validation");
tests/media_contract.rs:87:    assert!(err.contains("requires prior ffprobe-video-stream-confirmed validation"));
src/qa_tests.rs:52:            "{{\"id\":\"carve_000001\",\"output_path\":\"{}\",\"sha256\":\"abc\",\"validation_status\":\"candidate-unvalidated\"}}\n",
src/qa_tests.rs:58:        case_dir.join("evidence/logs/validation-log.jsonl"),
src/qa_tests.rs:60:            "{{\"selector\":\"carve_000001\",\"target_path\":\"{}\",\"target_sha256\":\"abc\",\"validation_status\":\"ffprobe-video-stream-confirmed\"}}\n",
src/qa_tests.rs:143:fn report_defense_rejects_tampered_media_audit_logs() {
src/qa_tests.rs:163:    let tampered = fs::read_to_string(&proxy_log)
src/qa_tests.rs:165:        .replace("make-proxy", "make-proxy-tampered");
src/qa_tests.rs:166:    fs::write(&proxy_log, tampered).unwrap();
src/qa_tests.rs:173:    assert!(checklist.contains("tampered"));
src/qa_tests.rs:179:fn report_defense_blocks_missing_required_proxy_audit_log() {
src/qa_tests.rs:181:        "frametrace-report-missing-audit-chain-test-{}",
src/qa_tests.rs:201:    assert!(err.contains("missing"));
src/qa_tests.rs:203:    assert!(checklist.contains("[missing] proxy"));
src/qa_tests.rs:211:fn report_defense_blocks_missing_audit_log_for_report_claimed_proxy() {
src/qa_tests.rs:228:    assert!(checklist.contains("[missing] proxy"));
src/qa_tests.rs:235:fn report_defense_blocks_empty_required_proxy_audit_log() {
src/qa_tests.rs:237:        "frametrace-report-empty-audit-chain-test-{}",
src/qa_tests.rs:258:    assert!(err.contains("empty"));
src/qa_tests.rs:260:    assert!(checklist.contains("[empty] proxy"));
src/qa_tests.rs:281:    assert!(checklist.contains("[not-applicable] proxy"));
src/qa_tests.rs:282:    assert!(checklist.contains("[unsupported] filesystem recovery"));
src/qa_tests.rs:290:fn report_defense_allows_valid_required_proxy_audit_log() {
src/qa_tests.rs:292:        "frametrace-report-valid-audit-chain-test-{}",
src/qa_tests.rs:318:    assert!(checklist.contains("[valid] proxy"));
src/qa_tests.rs:357:fn reproducibility_detects_recovery_validation_drift() {
src/qa_tests.rs:367:    seed_repro_case(&right, 999, "validation-failed", "abc");
src/qa_report_defense.rs:13:    Missing,
src/qa_report_defense.rs:14:    Empty,
src/qa_report_defense.rs:15:    Valid,
src/qa_report_defense.rs:16:    Tampered,
src/qa_report_defense.rs:17:    Unsupported,
src/qa_report_defense.rs:18:    NotApplicable,
src/qa_report_defense.rs:24:            Self::Missing => "missing",
src/qa_report_defense.rs:25:            Self::Empty => "empty",
src/qa_report_defense.rs:26:            Self::Valid => "valid",
src/qa_report_defense.rs:27:            Self::Tampered => "tampered",
src/qa_report_defense.rs:28:            Self::Unsupported => "unsupported",
src/qa_report_defense.rs:29:            Self::NotApplicable => "not-applicable",
src/qa_report_defense.rs:50:    unsupported_when_absent: bool,
src/qa_report_defense.rs:58:        unsupported_when_absent: false,
src/qa_report_defense.rs:64:        unsupported_when_absent: false,
src/qa_report_defense.rs:70:        unsupported_when_absent: false,
src/qa_report_defense.rs:76:        unsupported_when_absent: false,
src/qa_report_defense.rs:82:        unsupported_when_absent: false,
src/qa_report_defense.rs:88:        unsupported_when_absent: true,
src/qa_report_defense.rs:91:        name: "validation",
src/qa_report_defense.rs:92:        relative_path: "evidence/logs/validation-log.jsonl",
src/qa_report_defense.rs:94:        unsupported_when_absent: false,
src/qa_report_defense.rs:107:    let missing = checks
src/qa_report_defense.rs:117:    let passed = missing.is_empty()
src/qa_report_defense.rs:118:        && claim_violations.is_empty()
src/qa_report_defense.rs:119:        && audit_violations.is_empty()
src/qa_report_defense.rs:129:    if !missing.is_empty() {
src/qa_report_defense.rs:130:        text.push_str("\n## Missing\n\n");
src/qa_report_defense.rs:131:        for item in &missing {
src/qa_report_defense.rs:135:    if !claim_violations.is_empty() {
src/qa_report_defense.rs:147:    text.push_str("\n## Audit Chain Validation\n\n");
src/qa_report_defense.rs:165:    if !audit_violations.is_empty() {
src/qa_report_defense.rs:179:        let audit_blockers = if audit_violations.is_empty() {
src/qa_report_defense.rs:185:            "report defensibility QA failed: missing {} required artifacts, {} disallowed claim(s), {} audit chain failure(s), {} active job(s); audit blockers: {}",
src/qa_report_defense.rs:186:            missing.len(),
src/qa_report_defense.rs:227:            } else if spec.unsupported_when_absent {
src/qa_report_defense.rs:228:                "optional chain unsupported for this case surface".to_string()
src/qa_report_defense.rs:234:                    .unwrap_or(ReportAuditChainState::Missing)
src/qa_report_defense.rs:235:            } else if spec.unsupported_when_absent {
src/qa_report_defense.rs:236:                ReportAuditChainState::Unsupported
src/qa_report_defense.rs:238:                ReportAuditChainState::NotApplicable
src/qa_report_defense.rs:256:        audit::AuditChainState::Valid => ReportAuditChainState::Valid,
src/qa_report_defense.rs:257:        audit::AuditChainState::Empty => ReportAuditChainState::Empty,
src/qa_report_defense.rs:258:        audit::AuditChainState::Missing => ReportAuditChainState::Missing,
src/qa_report_defense.rs:259:        audit::AuditChainState::Tampered => ReportAuditChainState::Tampered,
src/qa_report_defense.rs:289:                ReportAuditChainState::Missing
src/qa_report_defense.rs:290:                    | ReportAuditChainState::Empty
src/qa_report_defense.rs:291:                    | ReportAuditChainState::Tampered
-- required evidence files --
present_nonempty .omo/evidence/frametrace-production-hardening-review-plan/task-04-audit-chain-required/done-claim.json
present_nonempty .omo/evidence/frametrace-production-hardening-review-plan/task-04-audit-chain-required/red-report-defense-tests.log
present_nonempty .omo/evidence/frametrace-production-hardening-review-plan/task-04-audit-chain-required/final-focused-report-defense-tests.log
present_nonempty .omo/evidence/frametrace-production-hardening-review-plan/task-04-audit-chain-required/final-manual-qa-happy.log
present_nonempty .omo/evidence/frametrace-production-hardening-review-plan/task-04-audit-chain-required/final-manual-qa-failure.log
present_nonempty .omo/evidence/frametrace-production-hardening-review-plan/task-04-audit-chain-required/adversarial-summary.md
present_nonempty .omo/evidence/frametrace-production-hardening-review-plan/task-04-audit-chain-required/cleanup-receipt.md
present_nonempty .omo/evidence/frametrace-production-hardening-review-plan/task-04-audit-chain-required/hook-verification-3/hook-verification-report.md
-- plan checkbox --
119:- [x] T4. Make missing required audit chains block report-defense
-- final hook observables --
- `cargo test --locked report_defense_ -- --nocapture`: PASS, 8 T4 report-defense tests passed. Artifact: `focused-report-defense-tests.log`.
- `target/debug/frametrace qa report-defense <missing-log-case>` after deleting `artifacts/proxies/proxy-log.jsonl`: PASS, command records `exit_code=1`; stderr contains `artifacts/proxies/proxy-log.jsonl [missing]`. Artifact: `cli-failure.log`.
Judgment: T4 is verified by fresh binary observables. The real CLI accepts a valid required proxy audit chain and rejects a missing required proxy audit chain with exact blocker key `artifacts/proxies/proxy-log.jsonl [missing]`.
- `cargo test --locked report_defense_ -- --nocapture`: PASS, 8 T4 report-defense tests passed. Artifact: `focused-report-defense-tests.log`.
- `cargo test --locked`: PASS, `exit_code=0`. Artifact: `cargo-test-full.log`.
exit_code=0
