Diff in /Users/shinyoohag/Desktop/frametrace/src/artifacts.rs:1:
 use crate::audit;
 use crate::media_contract;
 use crate::tool_policy::{
-    reject_source_output_path, require_case_output_path, resolve_external_tool, run_external_tool,
-    ResolvedExternalTool,
+    ResolvedExternalTool, reject_source_output_path, require_case_output_path,
+    resolve_external_tool, run_external_tool,
 };
 use crate::util::{json_escape, now_unix, unique_path};
 use crate::video_export::{resolve_video_source, sanitize_filename};
Diff in /Users/shinyoohag/Desktop/frametrace/src/artifacts.rs:388:
 #[cfg(test)]
 mod tests {
     use super::{
-        derived_artifact_log_body_json, frame_capture_ffmpeg_args, proxy_ffmpeg_args,
-        thumbnail_ffmpeg_args, DerivedArtifact, ProxyOptions, ThumbnailOptions,
+        DerivedArtifact, ProxyOptions, ThumbnailOptions, derived_artifact_log_body_json,
+        frame_capture_ffmpeg_args, proxy_ffmpeg_args, thumbnail_ffmpeg_args,
     };
     use crate::tool_policy::ResolvedExternalTool;
     use std::path::{Path, PathBuf};
Diff in /Users/shinyoohag/Desktop/frametrace/src/derived_output_policy_tests.rs:1:
 #![cfg(unix)]
 
 use crate::artifacts::{
-    capture_frame, generate_proxy, generate_thumbnail, FrameCaptureOptions, ProxyOptions,
-    ThumbnailOptions,
+    FrameCaptureOptions, ProxyOptions, ThumbnailOptions, capture_frame, generate_proxy,
+    generate_thumbnail,
 };
-use crate::tsk::{recover_inode, TskRecoverOptions};
-use crate::video_export::{export_video, ExportFormat, ExportOptions};
+use crate::tsk::{TskRecoverOptions, recover_inode};
+use crate::video_export::{ExportFormat, ExportOptions, export_video};
 use std::fmt::Debug;
 use std::fs;
 use std::os::unix::fs::symlink;
Diff in /Users/shinyoohag/Desktop/frametrace/src/ffprobe.rs:1:
 use crate::model::ProbeSummary;
-use crate::tool_policy::{resolve_external_tool, run_external_tool, ResolvedExternalTool};
+use crate::tool_policy::{ResolvedExternalTool, resolve_external_tool, run_external_tool};
 use crate::util::compact_json_value_if_well_formed;
 use std::path::Path;
 
Diff in /Users/shinyoohag/Desktop/frametrace/src/qa_report_defense.rs:223:
                 .iter()
                 .find(|status| status.relative_path == spec.relative_path);
             let has_log = case_dir.join(spec.relative_path).is_file();
-            let artifact_dir = spec
-                .artifact_dirs
-                .iter()
-                .copied()
-                .find(|artifact_dir| {
-                    has_case_surface_artifact(case_dir, artifact_dir, spec.relative_path)
-                });
+            let artifact_dir = spec.artifact_dirs.iter().copied().find(|artifact_dir| {
+                has_case_surface_artifact(case_dir, artifact_dir, spec.relative_path)
+            });
             let report_claim_marker = spec
                 .report_claim_markers
                 .iter()
Diff in /Users/shinyoohag/Desktop/frametrace/src/qa_tests.rs:284:
     let checklist = fs::read_to_string(output_dir.join("report-defense-checklist.md")).unwrap();
     assert!(checklist.contains("[missing] filesystem recovery"));
     assert!(checklist.contains("required=yes"));
-    assert!(checklist
-        .contains("reason=case surface contains artifacts under artifacts/recovered/filesystem"));
+    assert!(
+        checklist.contains(
+            "reason=case surface contains artifacts under artifacts/recovered/filesystem"
+        )
+    );
 
     let _ = fs::remove_dir_all(root);
 }
Diff in /Users/shinyoohag/Desktop/frametrace/src/validation/log.rs:192:
         ));
         assert!(body.contains(r#""source_artifact_id":"source-carve_000001-aaaaaaaaaaaa""#));
         assert!(body.contains(r#""source_artifact_sha256":"aaaaaaaaaaaaaaaaaaaaaaaaaaaaaaaaaaaaaaaaaaaaaaaaaaaaaaaaaaaaaaaa""#));
-        assert!(body.contains(r#""validation_artifact_path":"evidence/logs/validation-log.jsonl""#));
+        assert!(
+            body.contains(r#""validation_artifact_path":"evidence/logs/validation-log.jsonl""#)
+        );
     }
 
     #[test]
Diff in /Users/shinyoohag/Desktop/frametrace/src/validation.rs:6:
 use crate::audit;
 use crate::ffprobe;
 use crate::model::ProbeSummary;
-use crate::tool_policy::{resolve_external_tool, ResolvedExternalTool};
+use crate::tool_policy::{ResolvedExternalTool, resolve_external_tool};
 use crate::util::now_unix;
 use log::{append_validation_log, validation_status};
 use std::path::{Path, PathBuf};
Diff in /Users/shinyoohag/Desktop/frametrace/src/video_export.rs:1:
 use crate::audit;
 use crate::media_contract;
 use crate::tool_policy::{
-    reject_source_output_path, require_case_output_path, resolve_external_tool, run_external_tool,
-    ResolvedExternalTool,
+    ResolvedExternalTool, reject_source_output_path, require_case_output_path,
+    resolve_external_tool, run_external_tool,
 };
 use crate::util::{json_escape, now_unix, read_to_string, unique_path};
 use std::path::{Path, PathBuf};
Diff in /Users/shinyoohag/Desktop/frametrace/src/video_export.rs:342:
 #[cfg(test)]
 mod tests {
     use super::{
-        export_log_body_json, ffmpeg_export_args, sanitize_filename, tsv_unescape, ExportFormat,
-        ExportLogBody, ExportOptions,
+        ExportFormat, ExportLogBody, ExportOptions, export_log_body_json, ffmpeg_export_args,
+        sanitize_filename, tsv_unescape,
     };
     use crate::tool_policy::ResolvedExternalTool;
     use std::path::Path;
