SCENARIO stop-hook direct verification for T4 evidence repair completion claim after DoneClaim update
INVOCATION pwd; test -s required artifacts including stop-hook log; rg anchors; jq empty DoneClaim; git diff --check; print file sizes
START_UTC 2026-06-24T09:24:00Z
/Users/shinyoohag/Desktop/frametrace
NONEMPTY .omo/evidence/frametrace-production-hardening-review-plan/task-04-audit-chain-required/final-t4-diff-current.patch bytes=22702
NONEMPTY .omo/evidence/frametrace-production-hardening-review-plan/task-04-audit-chain-required/size-gate-disposition.md bytes=1805
NONEMPTY .omo/evidence/frametrace-production-hardening-review-plan/task-04-audit-chain-required/t4-fix-evidence-doneclaim.json bytes=6555
NONEMPTY .omo/evidence/frametrace-production-hardening-review-plan/task-04-audit-chain-required/cleanup-receipt.md bytes=1310
NONEMPTY .omo/evidence/frametrace-production-hardening-review-plan/task-04-audit-chain-required/git-diff-check-current.log bytes=100
NONEMPTY .omo/evidence/frametrace-production-hardening-review-plan/task-04-audit-chain-required/artifact-checks-current.log bytes=964
NONEMPTY .omo/evidence/frametrace-production-hardening-review-plan/task-04-audit-chain-required/final-required-artifact-check.log bytes=1033
NONEMPTY .omo/evidence/frametrace-production-hardening-review-plan/task-04-audit-chain-required/stop-hook-verification-1.log bytes=1636
ANCHOR_CHECK final-t4-diff-current.patch
251:+                .map(|artifact_dir| report_claims_chain(case_dir, artifact_dir, spec.relative_path))
314:+fn report_claims_chain(case_dir: &Path, relative_dir: &str, relative_log: &str) -> bool {
399:+fn report_defense_blocks_missing_audit_log_for_report_claimed_proxy() {
JSON_CHECK t4-fix-evidence-doneclaim.json
DIFF_CHECK git diff --check
DONECLAIM_KEY_SUMMARY
true
false
8
6
exit_code=0
